RAM Allocation [bytes]
Variable                                                                          Address   Size
------------------------------------------------------------------------------------------------
twi_tx_index                                                                      0x0319       1
twi_rx_index                                                                      0x031A       1
twi_result                                                                        0x031B       1
_output                                                                           0x031C       5
buffer_lcd                                                                        0x0321      20
g_pre_cent                                                                        0x0335       4
g_pre_csal                                                                        0x0339       4
g_pre_vbat                                                                        0x033D       4
g_pre_vsal                                                                        0x0341       4
g_pre_vent                                                                        0x0345       4
g_cent                                                                            0x0349       4
g_csal                                                                            0x034D       4
g_vbat                                                                            0x0351       4
g_vsal                                                                            0x0355       4
g_vent                                                                            0x0359       4
g_pent                                                                            0x035D       4
g_psal                                                                            0x0361       4
g_eff                                                                             0x0365       4
slave_address                                                                     0x0369       1
twi_tx_buffer                                                                     0x036A       2
bytes_to_tx                                                                       0x036C       1
twi_rx_buffer                                                                     0x036D       2
bytes_to_rx                                                                       0x036F       1
twi_rx_buffer_size                                                                0x0370       1
twi_slave_rx_handler                                                              0x0371       2
twi_slave_tx_handler                                                              0x0373       2
_seed                                                                             0x0375       4

EEPROM Allocation [bytes]
Variable                                                                          Address   Size
------------------------------------------------------------------------------------------------

Register Allocation
Variable                                                                          Register  Size
------------------------------------------------------------------------------------------------
_entryState                                                                       R4           1
_displayState                                                                     R3           1
boton_display                                                                     R6           1
boton_on_off                                                                      R5           1
desplegar_estado                                                                  R8           1
twi_flag                                                                          GPIOR0.0  1bit
twi_ready                                                                         GPIOR0.1  1bit

FLASH Allocation [words]
Function                                                                          Address   Size
------------------------------------------------------------------------------------------------
GetLowData                                                                        0x000E3      6
GetHighData                                                                       0x000E9      8
LCD_I2C_begin                                                                     0x000F1     14
LCD_I2C_backlight                                                                 0x000FF     11
LCD_I2C_clear                                                                     0x0010A     10
LCD_I2C_leftToRight                                                               0x00114      7
LCD_I2C_display                                                                   0x0011B     11
LCD_I2C_setCursor                                                                 0x00126     23
LCD_I2C_write                                                                     0x0013D     16
LCD_I2C_InitializeLCD                                                             0x0014D     38
LCD_I2C_I2C_Write                                                                 0x00173     17
LCD_I2C_LCD_Write                                                                 0x00184     27
LCD_I2C_puts                                                                      0x0019F     15
ext_int0_isr                                                                      0x001AE      9
ext_int1_isr                                                                      0x001B7     22
read_adc                                                                          0x001CD     28
main                                                                              0x001E9    381
hw_init                                                                           0x00366     88
put_buff_G100                                                                     0x003BE     58
_ftoe_G100                                                                        0x003F8    210
_print_G100                                                                       0x004CA    538
sprintf                                                                           0x006E4     52
twi_master_init                                                                   0x00718     46
twi_master_trans                                                                  0x00746    105
twi_int_handler                                                                   0x007AF    380
strcpyf                                                                           0x0092B     13
strlen                                                                            0x00938     12
strlenf                                                                           0x00944     13
ftrunc                                                                            0x00951     49
floor                                                                             0x00982     23
ftoa                                                                              0x00999    161
